# request log for fetch workers, alpha.log

2026-02-09T08:00:00Z level=info op=fetch ms=9
2026-02-09T08:03:07Z level=info op=fetch ms=18
2026-02-09T08:06:14Z level=info op=fetch ms=13
2026-02-09T08:09:21Z level=info op=fetch ms=12
2026-02-09T08:12:28Z level=info op=fetch ms=4
2026-02-09T08:15:35Z level=info op=fetch ms=5
2026-02-09T08:18:42Z level=info op=fetch ms=9
2026-02-09T08:21:49Z level=warn op=fetch ms=28
2026-02-09T08:24:56Z level=info op=fetch ms=19
2026-02-09T08:27:03Z level=info op=fetch ms=5
2026-02-09T08:30:10Z level=info op=fetch ms=16
2026-02-09T08:33:17Z level=error op=fetch ms=4
2026-02-09T08:36:24Z level=info op=fetch ms=16
2026-02-09T08:39:31Z level=info op=fetch ms=29
2026-02-09T08:42:38Z level=info op=fetch ms=4
2026-02-09T08:45:45Z level=info op=fetch ms=4
2026-02-09T08:48:52Z level=info op=fetch ms=5
2026-02-09T08:51:59Z level=info op=fetch ms=18
2026-02-09T08:54:06Z level=warn op=fetch ms=20
2026-02-09T08:57:13Z level=error op=fetch ms=20
2026-02-09T09:00:20Z level=info op=fetch ms=24

# worker restarted
2026-02-09T09:03:27Z level=info op=fetch ms=21
2026-02-09T09:06:34Z level=error op=fetch ms=4
2026-02-09T09:09:41Z level=info op=fetch ms=7
2026-02-09T09:12:48Z level=info op=fetch ms=14
2026-02-09T09:15:55Z level=info op=fetch ms=18
2026-02-09T09:18:02Z level=info op=fetch ms=12
2026-02-09T09:21:09Z level=info op=fetch ms=19
2026-02-09T09:24:16Z level=info op=fetch ms=20
2026-02-09T09:27:23Z level=warn op=fetch ms=29
2026-02-09T09:30:30Z level=info op=fetch ms=18
2026-02-09T09:33:37Z level=info op=fetch ms=12
2026-02-09T09:36:44Z level=info op=fetch ms=4
2026-02-09T09:39:51Z level=info op=fetch ms=4
2026-02-09T09:42:58Z level=info op=fetch ms=4
2026-02-09T09:45:05Z level=info op=fetch ms=14
2026-02-09T09:48:12Z level=info op=fetch ms=12
2026-02-09T09:51:19Z level=info op=fetch ms=21
2026-02-09T09:54:26Z level=info op=fetch ms=21
2026-02-09T09:57:33Z level=info op=fetch ms=4

