# request log for render workers, charlie.log

2026-02-11T08:00:00Z level=error op=render ms=26
2026-02-11T08:03:07Z level=info op=render ms=18
2026-02-11T08:06:14Z level=info op=render ms=33
2026-02-11T08:09:21Z level=info op=render ms=33
2026-02-11T08:12:28Z level=info op=render ms=7
2026-02-11T08:15:35Z level=error op=render ms=18
2026-02-11T08:18:42Z level=info op=render ms=20
2026-02-11T08:21:49Z level=warn op=render ms=21
2026-02-11T08:24:56Z level=info op=render ms=6
2026-02-11T08:27:03Z level=error op=render ms=14
2026-02-11T08:30:10Z level=info op=render ms=13
2026-02-11T08:33:17Z level=error op=render ms=4
2026-02-11T08:36:24Z level=error op=render ms=17
2026-02-11T08:39:31Z level=info op=render ms=22
2026-02-11T08:42:38Z level=info op=render ms=9
2026-02-11T08:45:45Z level=error op=render ms=19
2026-02-11T08:48:52Z level=info op=render ms=20
2026-02-11T08:51:59Z level=info op=render ms=28
2026-02-11T08:54:06Z level=warn op=render ms=33
2026-02-11T08:57:13Z level=info op=render ms=11
2026-02-11T09:00:20Z level=info op=render ms=25
2026-02-11T09:03:27Z level=info op=render ms=8
2026-02-11T09:06:34Z level=info op=render ms=6
2026-02-11T09:09:41Z level=error op=render ms=20

# worker restarted
2026-02-11T09:12:48Z level=info op=render ms=10
2026-02-11T09:15:55Z level=error op=render ms=20
2026-02-11T09:18:02Z level=info op=render ms=10
2026-02-11T09:21:09Z level=info op=render ms=7
2026-02-11T09:24:16Z level=info op=render ms=13
2026-02-11T09:27:23Z level=warn op=render ms=8
2026-02-11T09:30:30Z level=info op=render ms=24
2026-02-11T09:33:37Z level=info op=render ms=26
2026-02-11T09:36:44Z level=info op=render ms=4
2026-02-11T09:39:51Z level=info op=render ms=5
2026-02-11T09:42:58Z level=info op=render ms=13
2026-02-11T09:45:05Z level=info op=render ms=23
2026-02-11T09:48:12Z level=error op=render ms=33
2026-02-11T09:51:19Z level=info op=render ms=25
2026-02-11T09:54:26Z level=info op=render ms=13
2026-02-11T09:57:33Z level=info op=render ms=15
2026-02-11T10:00:40Z level=warn op=render ms=7
2026-02-11T10:03:47Z level=info op=render ms=30
2026-02-11T10:06:54Z level=info op=render ms=27
2026-02-11T10:09:01Z level=info op=render ms=28
2026-02-11T10:12:08Z level=info op=render ms=19
2026-02-11T10:15:15Z level=info op=render ms=60

